// Jest Snapshot v1, https://goo.gl/fbAQLP

exports[`Initializing renders correctly 1`] = `
<div
  class="wb-db-init"
>
  
	Loadingâ€¦

</div>
`;
